*****************************************************************
      SolidWorks Corporation - IGES Processor Status Report
*****************************************************************
=================================================================
Общая информация
=================================================================
Отправка кода продукта системы: 
Получение кода продукта системы: Unknown
Имя файла                 : Head.grb
Отправка системы               : Unknown
Версия препроцессора       : Unknown
Дата создания файла           : 140109.203911
Дата создания модели          : 
Единицы                        : MM
Масштаб пространства модели            : 1
Автор                       : Unknown
Организация                 : Unknown


=================================================================
Сведения по обработке объекта
=================================================================


=================================================================
Точный анализ файла IGES:
=================================================================
  Преобладающее число значимых знаков:              11
  Наибольшее число значимых знаков:                     11
  Среднее число значимых знаков:                6.55003
  Максимальное расстояние до исходной точки:                          137.511
  Минимальное расстояние до исходной точки:                          5.71599
  Эффективное число значимых знаков:              10.9639


=================================================================
Сводка по объектам
=================================================================
-----------------------------------------------------------------
Тип Имя                                         Количество Преобразован
---- ----                                         ----- ---------
102  Composite curve                                 94        94
126  Rational B-spline curve                        356       356
128  Rational B-spline surface                       81        81
142  Curve on a parametric surface                   94        94
144  Trimmed parametric surface                      81        81
314  Color definition                                 1         1
410  View                                             1         0
_________________________________________________________________


=================================================================
Сводка результатов
=================================================================
Тип элемента SolidWorks                Количество
-----------------------                -----
Твердотельные элементы                       1
Элементы поверхности                     0
Элементы кривой/эскиза                0
--------------------------------------------
Время начала: четверг, Январь 09, 2014 20:43:55
Время окончания: четверг, Январь 09, 2014 20:43:58
Время обработки: 0 days, 00 hours, 00 mins, 03 secs
